[brasilnoticia.space/lk/REAA-MP8W/index.html]
[backblue.gif]
[fade.gif]
[index.html]
[analytics.tiktok.com/i18n/pixel/events.js]
[p16-oec-va.ibyteimg.com/tos-maliva-i-o3syd03w52-us/1e7be69b7fe44c4cb7b1a3db8f4f37f9_tplv-o3syd03w52-resize-jpeg_800_8002fe7.jpg]
[p16-oec-va.ibyteimg.com/tos-maliva-i-o3syd03w52-us/1bb587e2c71c4f38a02839475226d605_tplv-o3syd03w52-resize-jpeg_800_8002fe7.jpg]
[p16-oec-va.ibyteimg.com/tos-maliva-i-o3syd03w52-us/c8ef1808aeb9413aa11588c0fd93fa64_tplv-o3syd03w52-resize-jpeg_800_8002fe7.jpg]
[p16-oec-va.ibyteimg.com/tos-maliva-i-o3syd03w52-us/81dabe31a111450698f8f6fc3aaa256a_tplv-o3syd03w52-resize-jpeg_800_8002fe7.jpg]
[p16-oec-va.ibyteimg.com/tos-maliva-i-o3syd03w52-us/039051307c2143bf9e8e3c5f32b6d2a2_tplv-o3syd03w52-resize-jpeg_800_8002fe7.jpg]
[p16-oec-va.ibyteimg.com/tos-maliva-i-o3syd03w52-us/c021acb176084519b1d68e8b72c09283_tplv-o3syd03w52-resize-jpeg_800_8002fe7.jpg]
[p16-oec-va.ibyteimg.com/tos-maliva-i-o3syd03w52-us/7c2fb940ac714cab9da95467b206127b_tplv-o3syd03w52-resize-jpeg_800_8002fe7.jpg]
[p16-oec-va.ibyteimg.com/tos-maliva-i-o3syd03w52-us/155b4ff9b88641eca5fd31962ddf01b7_tplv-o3syd03w52-resize-jpeg_800_8002fe7.jpg]
[meueditorpro.shop/img/img5.jpg]
[artsculturenb.ca/files/images/_pageContent/Author-Paul-McAllister-Spring-2024.jpg]
[cdn11.bigcommerce.com/s-cr8l0l59g6/images/stencil/1280x1280/products/4051/10025/fc6cb546-69b0-40aa-8037-61f5b3e2336f__005394847.jpg]
[img.olx.com.br/images/55/556529341221437.jpg]
[img.olx.com.br/images/45/453581069397574.jpg]
[i.ytimg.com/vi/AB3c4Sk_X3s/maxresdefault.jpg]
[comprarcharutos.com.br/media/wysiwyg/selossl.png]
[meueditorpro.shop/img/loja.jpg]
[meueditorpro.shop/img/chat.jpg]
[brasilnoticia.space/lk/REAA-MP8W/index.html]
